<!DOCTYPE html>
<html>
<head>
<meta charset="utf-8">
<meta http-equiv="X-UA-Compatible" content="IE=edge">
<meta name="viewport" content="width=device-width, initial-scale=1">
<title>References: github.com/gotd/td/tg.MessagesHideChatJoinRequestRequest.Approved</title>
<link href="../../../../css/auto-v0.6.7.css" rel="stylesheet">
<script src="../../../../jvs/golds-v0.6.7.js"></script>
<body onload="onPageLoad()"><div>

<pre><code><span style="font-size:x-large;"><b><a href="../../../../pkg/github.com/gotd/td/tg.html">github.com/gotd/td/tg</a>.<a href="../../../../src/github.com/gotd/td/tg/tl_messages_hide_chat_join_request_gen.go.html#line-41">MessagesHideChatJoinRequestRequest</a>.<a href="../../../../src/github.com/gotd/td/tg/tl_messages_hide_chat_join_request_gen.go.html#line-51">Approved</a></b></span><span style="font-size: large;"><i> (field)</i></span>

<span class="title">7 uses</span>

	github.com/gotd/td/tg (current package)
		<a href="../../../../src/github.com/gotd/td/tg/tl_messages_hide_chat_join_request_gen.go.html#line-51">tl_messages_hide_chat_join_request_gen.go#L51</a>: 	<b>Approved</b> bool
		<a href="../../../../src/github.com/gotd/td/tg/tl_messages_hide_chat_join_request_gen.go.html#line-79" class="path-duplicate">tl_messages_hide_chat_join_request_gen.go</a><a href="../../../../src/github.com/gotd/td/tg/tl_messages_hide_chat_join_request_gen.go.html#line-79">#L79</a>: 	if !(h.<b>Approved</b> == false) {
		<a href="../../../../src/github.com/gotd/td/tg/tl_messages_hide_chat_join_request_gen.go.html#line-107" class="path-duplicate">tl_messages_hide_chat_join_request_gen.go</a><a href="../../../../src/github.com/gotd/td/tg/tl_messages_hide_chat_join_request_gen.go.html#line-107">#L107</a>: 	h.<b>Approved</b> = from.GetApproved()
		<a href="../../../../src/github.com/gotd/td/tg/tl_messages_hide_chat_join_request_gen.go.html#line-154" class="path-duplicate">tl_messages_hide_chat_join_request_gen.go</a><a href="../../../../src/github.com/gotd/td/tg/tl_messages_hide_chat_join_request_gen.go.html#line-154">#L154</a>: 	if !(h.<b>Approved</b> == false) {
		<a href="../../../../src/github.com/gotd/td/tg/tl_messages_hide_chat_join_request_gen.go.html#line-213" class="path-duplicate">tl_messages_hide_chat_join_request_gen.go</a><a href="../../../../src/github.com/gotd/td/tg/tl_messages_hide_chat_join_request_gen.go.html#line-213">#L213</a>: 	h.<b>Approved</b> = h.Flags.Has(0)
		<a href="../../../../src/github.com/gotd/td/tg/tl_messages_hide_chat_join_request_gen.go.html#line-235" class="path-duplicate">tl_messages_hide_chat_join_request_gen.go</a><a href="../../../../src/github.com/gotd/td/tg/tl_messages_hide_chat_join_request_gen.go.html#line-235">#L235</a>: 		h.<b>Approved</b> = true
		<a href="../../../../src/github.com/gotd/td/tg/tl_messages_hide_chat_join_request_gen.go.html#line-238" class="path-duplicate">tl_messages_hide_chat_join_request_gen.go</a><a href="../../../../src/github.com/gotd/td/tg/tl_messages_hide_chat_join_request_gen.go.html#line-238">#L238</a>: 		h.<b>Approved</b> = false
</code></pre><pre id="footer">
<table><tr><td><img src="../../../../png/go101-twitter.png"></td>
<td>The pages are generated with <a href="https://go101.org/apps-and-libs/golds.html"><b>Golds</b></a> <i>v0.6.7</i>. (GOOS=linux GOARCH=amd64)
<b>Golds</b> is a <a href="https://go101.org">Go 101</a> project developed by <a href="https://tapirgames.com">Tapir Liu</a>.
PR and bug reports are welcome and can be submitted to <a href="https://github.com/go101/golds">the issue list</a>.
Please follow <a href="https://twitter.com/go100and1">@Go100and1</a> (reachable from the left QR code) to get the latest news of <b>Golds</b>.</td></tr></table></pre>