<!DOCTYPE html>
<html>
<head>
<meta charset="utf-8">
<meta http-equiv="X-UA-Compatible" content="IE=edge">
<meta name="viewport" content="width=device-width, initial-scale=1">
<title>References: github.com/gotd/td/tg.MessagesHideAllChatJoinRequestsRequest.Approved</title>
<link href="../../../../css/light-v0.5.2.css" rel="stylesheet">
<script src="../../../../jvs/golds-v0.5.2.js"></script>
<body onload="onPageLoad()"><div>

<pre><code><span style="font-size:x-large;"><b><a href="../../../../pkg/github.com/gotd/td/tg.html">github.com/gotd/td/tg</a>.<a href="../../../../src/github.com/gotd/td/tg/tl_messages_hide_all_chat_join_requests_gen.go.html#line-41">MessagesHideAllChatJoinRequestsRequest</a>.<a href="../../../../src/github.com/gotd/td/tg/tl_messages_hide_all_chat_join_requests_gen.go.html#line-51">Approved</a></b></span><span style="font-size: large;"><i> (field)</i></span>

<span class="title">7 uses</span>

	github.com/gotd/td/tg (current package)
		<a href="../../../../src/github.com/gotd/td/tg/tl_messages_hide_all_chat_join_requests_gen.go.html#line-51">tl_messages_hide_all_chat_join_requests_gen.go#L51</a>: 	<b>Approved</b> bool
		<a href="../../../../src/github.com/gotd/td/tg/tl_messages_hide_all_chat_join_requests_gen.go.html#line-81" class="path-duplicate">tl_messages_hide_all_chat_join_requests_gen.go</a><a href="../../../../src/github.com/gotd/td/tg/tl_messages_hide_all_chat_join_requests_gen.go.html#line-81">#L81</a>: 	if !(h.<b>Approved</b> == false) {
		<a href="../../../../src/github.com/gotd/td/tg/tl_messages_hide_all_chat_join_requests_gen.go.html#line-109" class="path-duplicate">tl_messages_hide_all_chat_join_requests_gen.go</a><a href="../../../../src/github.com/gotd/td/tg/tl_messages_hide_all_chat_join_requests_gen.go.html#line-109">#L109</a>: 	h.<b>Approved</b> = from.GetApproved()
		<a href="../../../../src/github.com/gotd/td/tg/tl_messages_hide_all_chat_join_requests_gen.go.html#line-160" class="path-duplicate">tl_messages_hide_all_chat_join_requests_gen.go</a><a href="../../../../src/github.com/gotd/td/tg/tl_messages_hide_all_chat_join_requests_gen.go.html#line-160">#L160</a>: 	if !(h.<b>Approved</b> == false) {
		<a href="../../../../src/github.com/gotd/td/tg/tl_messages_hide_all_chat_join_requests_gen.go.html#line-219" class="path-duplicate">tl_messages_hide_all_chat_join_requests_gen.go</a><a href="../../../../src/github.com/gotd/td/tg/tl_messages_hide_all_chat_join_requests_gen.go.html#line-219">#L219</a>: 	h.<b>Approved</b> = h.Flags.Has(0)
		<a href="../../../../src/github.com/gotd/td/tg/tl_messages_hide_all_chat_join_requests_gen.go.html#line-241" class="path-duplicate">tl_messages_hide_all_chat_join_requests_gen.go</a><a href="../../../../src/github.com/gotd/td/tg/tl_messages_hide_all_chat_join_requests_gen.go.html#line-241">#L241</a>: 		h.<b>Approved</b> = true
		<a href="../../../../src/github.com/gotd/td/tg/tl_messages_hide_all_chat_join_requests_gen.go.html#line-244" class="path-duplicate">tl_messages_hide_all_chat_join_requests_gen.go</a><a href="../../../../src/github.com/gotd/td/tg/tl_messages_hide_all_chat_join_requests_gen.go.html#line-244">#L244</a>: 		h.<b>Approved</b> = false
</code></pre><pre id="footer">
<table><tr><td><img src="../../../../png/go101-twitter.png"></td>
<td>The pages are generated with <a href="https://go101.org/apps-and-libs/golds.html"><b>Golds</b></a> <i>v0.5.2</i>. (GOOS=linux GOARCH=amd64)
<b>Golds</b> is a <a href="https://go101.org">Go 101</a> project developed by <a href="https://tapirgames.com">Tapir Liu</a>.
PR and bug reports are welcome and can be submitted to <a href="https://github.com/go101/golds">the issue list</a>.
Please follow <a href="https://twitter.com/go100and1">@Go100and1</a> (reachable from the left QR code) to get the latest news of <b>Golds</b>.</td></tr></table></pre>